// Jest Snapshot v1, https://goo.gl/fbAQLP

exports[`renders homepage unchanged 1`] = `
<div>
  <div
    class="container"
  >
    <main>
      <h1>
        Int âž¡ Roman
      </h1>
      <p>
        Here you can convert integers between 0 and 3999 into 
        <a
          href="https://en.wikipedia.org/wiki/Roman_numerals"
        >
          Roman numerals
        </a>
      </p>
      <div
        class="converter"
      >
        <label
          for="number"
        >
          The integer:
        </label>
        <input
          class="input"
          id="number"
          max="3999"
          min="0"
          placeholder="123"
          type="number"
          value=""
        />
        <p>
          The result:
        </p>
        <p
          aria-live="polite"
        >
          N
        </p>
      </div>
    </main>
    <footer
      class="footer"
    >
      <a
        href="https://vercel.com?utm_source=create-next-app&utm_medium=default-template&utm_campaign=create-next-app"
        rel="noopener noreferrer"
        target="_blank"
      >
        Powered by
         
        <span
          class="logo"
        >
          <img
            alt="Vercel Logo"
            data-nimg="1"
            decoding="async"
            height="16"
            loading="lazy"
            src="/vercel.svg"
            srcset="/vercel.svg 1x, /vercel.svg 2x"
            style="color: transparent;"
            width="72"
          />
        </span>
      </a>
    </footer>
  </div>
</div>
`;
